// Jest Snapshot v1, https://goo.gl/fbAQLP

exports[`withMiddleware Basic should render without errors 1`] = `
<div>
  <div
    className="value"
  >
    0
  </div>
  <button
    className="increment"
    onClick={[Function]}
  >
    Increment
  </button>
  <button
    className="decretment"
    onClick={[Function]}
  >
    Decrement
  </button>
</div>
`;
